// Jest Snapshot v1, https://goo.gl/fbAQLP

exports[`Test MovieCard Component Should match snapshot of MovieCard component 1`] = `
<DocumentFragment>
  <div
    class="movie-card"
  >
    <div
      class="skeleton-movie-card"
    >
      <div
        class="skeleton-img"
      >
        <div
          class="ant-skeleton ant-skeleton-element ant-skeleton-active css-dev-only-do-not-override-2i2tap"
        >
          <div
            class="ant-skeleton-image"
          >
            <svg
              class="ant-skeleton-image-svg"
              viewBox="0 0 1098 1024"
              xmlns="http://www.w3.org/2000/svg"
            >
              <path
                class="ant-skeleton-image-path"
                d="M365.714286 329.142857q0 45.714286-32.036571 77.677714t-77.677714 32.036571-77.677714-32.036571-32.036571-77.677714 32.036571-77.677714 77.677714-32.036571 77.677714 32.036571 32.036571 77.677714zM950.857143 548.571429l0 256-804.571429 0 0-109.714286 182.857143-182.857143 91.428571 91.428571 292.571429-292.571429zM1005.714286 146.285714l-914.285714 0q-7.460571 0-12.873143 5.412571t-5.412571 12.873143l0 694.857143q0 7.460571 5.412571 12.873143t12.873143 5.412571l914.285714 0q7.460571 0 12.873143-5.412571t5.412571-12.873143l0-694.857143q0-7.460571-5.412571-12.873143t-12.873143-5.412571zM1097.142857 164.571429l0 694.857143q0 37.741714-26.843429 64.585143t-64.585143 26.843429l-914.285714 0q-37.741714 0-64.585143-26.843429t-26.843429-64.585143l0-694.857143q0-37.741714 26.843429-64.585143t64.585143-26.843429l914.285714 0q37.741714 0 64.585143 26.843429t26.843429 64.585143z"
              />
            </svg>
          </div>
        </div>
      </div>
      <div
        class="ant-skeleton ant-skeleton-with-avatar ant-skeleton-active css-dev-only-do-not-override-2i2tap"
      >
        <div
          class="ant-skeleton-header"
        >
          <span
            class="ant-skeleton-avatar ant-skeleton-avatar-lg ant-skeleton-avatar-circle"
          />
        </div>
        <div
          class="ant-skeleton-content"
        >
          <h3
            class="ant-skeleton-title"
            style="width: 50%;"
          />
          <ul
            class="ant-skeleton-paragraph"
          >
            <li />
            <li />
          </ul>
        </div>
      </div>
    </div>
  </div>
</DocumentFragment>
`;
